To honour the JVM settings for this build a single-use Daemon process will be forked. For more on this, please refer to https://docs.gradle.org/9.0.0/userguide/gradle_daemon.html#sec:disabling_the_daemon in the Gradle documentation.
Daemon will be stopped at the end of the build 
> Task :gradle-plugin:settings-plugin:checkKotlinGradlePluginConfigurationErrors SKIPPED
> Task :expo-gradle-plugin:expo-autolinking-plugin-shared:checkKotlinGradlePluginConfigurationErrors SKIPPED
> Task :expo-gradle-plugin:expo-autolinking-settings-plugin:checkKotlinGradlePluginConfigurationErrors SKIPPED
> Task :gradle-plugin:shared:checkKotlinGradlePluginConfigurationErrors SKIPPED
> Task :gradle-plugin:settings-plugin:pluginDescriptors UP-TO-DATE
> Task :expo-gradle-plugin:expo-autolinking-settings-plugin:pluginDescriptors UP-TO-DATE
> Task :gradle-plugin:settings-plugin:processResources UP-TO-DATE
> Task :expo-gradle-plugin:expo-autolinking-settings-plugin:processResources UP-TO-DATE
> Task :expo-gradle-plugin:expo-autolinking-plugin-shared:compileKotlin UP-TO-DATE
> Task :gradle-plugin:shared:compileKotlin UP-TO-DATE
> Task :expo-gradle-plugin:expo-autolinking-plugin-shared:compileJava NO-SOURCE
> Task :gradle-plugin:shared:compileJava NO-SOURCE
> Task :expo-gradle-plugin:expo-autolinking-plugin-shared:processResources NO-SOURCE
> Task :gradle-plugin:shared:processResources NO-SOURCE
> Task :expo-gradle-plugin:expo-autolinking-plugin-shared:classes UP-TO-DATE
> Task :gradle-plugin:shared:classes UP-TO-DATE
> Task :expo-gradle-plugin:expo-autolinking-plugin-shared:jar UP-TO-DATE
> Task :gradle-plugin:shared:jar UP-TO-DATE
> Task :gradle-plugin:settings-plugin:compileKotlin UP-TO-DATE
> Task :gradle-plugin:settings-plugin:compileJava NO-SOURCE
> Task :gradle-plugin:settings-plugin:classes UP-TO-DATE
> Task :gradle-plugin:settings-plugin:jar UP-TO-DATE
> Task :expo-gradle-plugin:expo-autolinking-settings-plugin:compileKotlin UP-TO-DATE
> Task :expo-gradle-plugin:expo-autolinking-settings-plugin:compileJava NO-SOURCE
> Task :expo-gradle-plugin:expo-autolinking-settings-plugin:classes UP-TO-DATE
> Task :expo-gradle-plugin:expo-autolinking-settings-plugin:jar UP-TO-DATE
> Task :expo-gradle-plugin:expo-max-sdk-override-plugin:checkKotlinGradlePluginConfigurationErrors SKIPPED
> Task :expo-gradle-plugin:expo-autolinking-plugin:checkKotlinGradlePluginConfigurationErrors SKIPPED
> Task :expo-module-gradle-plugin:checkKotlinGradlePluginConfigurationErrors SKIPPED
> Task :gradle-plugin:react-native-gradle-plugin:checkKotlinGradlePluginConfigurationErrors SKIPPED
> Task :expo-module-gradle-plugin:pluginDescriptors UP-TO-DATE
> Task :expo-module-gradle-plugin:processResources UP-TO-DATE
> Task :expo-gradle-plugin:expo-autolinking-plugin:compileKotlin UP-TO-DATE
> Task :expo-gradle-plugin:expo-max-sdk-override-plugin:compileKotlin UP-TO-DATE
> Task :expo-gradle-plugin:expo-max-sdk-override-plugin:compileJava NO-SOURCE
> Task :expo-gradle-plugin:expo-autolinking-plugin:compileJava NO-SOURCE
> Task :expo-gradle-plugin:expo-max-sdk-override-plugin:pluginDescriptors UP-TO-DATE
> Task :expo-gradle-plugin:expo-autolinking-plugin:pluginDescriptors UP-TO-DATE
> Task :expo-gradle-plugin:expo-autolinking-plugin:processResources UP-TO-DATE
> Task :expo-gradle-plugin:expo-max-sdk-override-plugin:processResources UP-TO-DATE
> Task :expo-gradle-plugin:expo-autolinking-plugin:classes UP-TO-DATE
> Task :expo-gradle-plugin:expo-max-sdk-override-plugin:classes UP-TO-DATE
> Task :expo-gradle-plugin:expo-max-sdk-override-plugin:jar UP-TO-DATE
> Task :expo-gradle-plugin:expo-autolinking-plugin:jar UP-TO-DATE
> Task :gradle-plugin:react-native-gradle-plugin:compileKotlin UP-TO-DATE
> Task :gradle-plugin:react-native-gradle-plugin:compileJava NO-SOURCE
> Task :gradle-plugin:react-native-gradle-plugin:pluginDescriptors UP-TO-DATE
> Task :gradle-plugin:react-native-gradle-plugin:processResources UP-TO-DATE
> Task :gradle-plugin:react-native-gradle-plugin:classes UP-TO-DATE
> Task :gradle-plugin:react-native-gradle-plugin:jar UP-TO-DATE
> Task :expo-module-gradle-plugin:compileKotlin UP-TO-DATE
> Task :expo-module-gradle-plugin:compileJava NO-SOURCE
> Task :expo-module-gradle-plugin:classes UP-TO-DATE
> Task :expo-module-gradle-plugin:jar UP-TO-DATE

> Configure project :
[32m[ExpoRootProject][0m Using the following versions:
  - buildTools:  [32m36.0.0[0m
  - minSdk:      [32m24[0m
  - compileSdk:  [32m36[0m
  - targetSdk:   [32m36[0m
  - ndk:         [32m27.1.12297006[0m
  - kotlin:      [32m2.1.20[0m
  - ksp:         [32m2.1.20-2.0.1[0m

> Configure project :app
 ??  [33mApplying gradle plugin[0m '[32mexpo-max-sdk-override-plugin[0m'
  [expo-max-sdk-override-plugin] This plugin will find all permissions declared with `android:maxSdkVersion`. If there exists a declaration with the `android:maxSdkVersion` annotation and another one without, the plugin will remove the annotation from the final merged manifest. In order to see a log with the changes run a clean build of the app.

> Configure project :expo

Using expo modules
  - [32mexpo-log-box[0m (55.0.7)
  - [32mexpo-constants[0m (55.0.7)
  - [32mexpo-modules-core[0m (55.0.14)
  - [33m[?][0m [32mexpo-dom-webview[0m (55.0.3)
  - [33m[?][0m [32mexpo-asset[0m (55.0.8)
  - [33m[?][0m [32mexpo-camera[0m (55.0.9)
  - [33m[?][0m [32mexpo-clipboard[0m (55.0.8)
  - [33m[?][0m [32mexpo-file-system[0m (55.0.10)
  - [33m[?][0m [32mexpo-font[0m (55.0.4)
  - [33m[?][0m [32mexpo-keep-awake[0m (55.0.4)
  - [33m[?][0m [32mexpo-secure-store[0m (55.0.8)


> Task :expo-constants:clean
> Task :app:clean
> Task :app:generateAutolinkingNewArchitectureFiles
> Task :app:generateAutolinkingPackageList
> Task :app:generateCodegenSchemaFromJavaScript SKIPPED
> Task :app:generateCodegenArtifactsFromSchema SKIPPED
> Task :app:generateReactNativeEntryPoint
> Task :app:buildKotlinToolingMetadata
> Task :app:checkKotlinGradlePluginConfigurationErrors SKIPPED
> Task :expo-constants:createExpoConfig
> Task :expo-constants:preBuild
> Task :expo-constants:preReleaseBuild
> Task :expo-constants:mergeReleaseJniLibFolders
> Task :expo-constants:mergeReleaseNativeLibs NO-SOURCE
> Task :expo-constants:checkKotlinGradlePluginConfigurationErrors SKIPPED
> Task :expo-constants:copyReleaseJniLibsProjectOnly
> Task :expo-constants:generateReleaseBuildConfig
> Task :expo-constants:generateReleaseResValues
> Task :expo-constants:generateReleaseResources
> Task :expo-constants:packageReleaseResources
> Task :expo-constants:javaPreCompileRelease
> Task :expo-constants:extractDeepLinksRelease
> Task :expo-constants:writeReleaseAarMetadata
> Task :expo-constants:parseReleaseLocalResources
> Task :expo-constants:compileReleaseLibraryResources
> Task :expo-constants:prepareReleaseArtProfile UP-TO-DATE
> Task :expo-constants:mergeReleaseShaders
> Task :expo-constants:compileReleaseShaders NO-SOURCE
> Task :expo-constants:generateReleaseAssets UP-TO-DATE
> Task :expo-constants:mergeReleaseAssets
> Task :expo-constants:generateReleaseRFile
> Task :expo-constants:extractProguardFiles
> Task :expo-constants:prepareLintJarForPublish UP-TO-DATE
> Task :expo-constants:stripReleaseDebugSymbols NO-SOURCE
> Task :expo-constants:copyReleaseJniLibsProjectAndLocalJars
> Task :expo-constants:extractDeepLinksForAarRelease UP-TO-DATE
> Task :expo-constants:writeReleaseLintModelMetadata
> Task :expo-constants:mapReleaseSourceSetPaths
> Task :expo:clean
> Task :expo-constants:processReleaseManifest
> Task :expo:generatePackagesList
> Task :expo:preBuild
> Task :expo:preReleaseBuild
> Task :expo-constants:mergeReleaseResources
> Task :expo:mergeReleaseJniLibFolders
> Task :expo:mergeReleaseNativeLibs NO-SOURCE
> Task :expo:checkKotlinGradlePluginConfigurationErrors SKIPPED
> Task :expo:copyReleaseJniLibsProjectOnly
> Task :expo:generateReleaseBuildConfig
> Task :expo:generateReleaseResValues
> Task :expo:generateReleaseResources
> Task :expo:packageReleaseResources
> Task :expo:javaPreCompileRelease
> Task :expo:parseReleaseLocalResources
> Task :expo:writeReleaseAarMetadata
> Task :expo:extractDeepLinksRelease
> Task :expo:compileReleaseLibraryResources
> Task :expo:prepareReleaseArtProfile UP-TO-DATE
> Task :expo:generateReleaseRFile
> Task :expo-log-box:clean
> Task :expo-log-box:preBuild UP-TO-DATE
> Task :expo-log-box:preReleaseBuild UP-TO-DATE
> Task :expo:mergeReleaseShaders
> Task :expo:compileReleaseShaders NO-SOURCE
> Task :expo:generateReleaseAssets UP-TO-DATE
> Task :expo-log-box:mergeReleaseJniLibFolders
> Task :expo-log-box:mergeReleaseNativeLibs NO-SOURCE
> Task :expo:processReleaseManifest
> Task :expo:mergeReleaseAssets
> Task :expo-log-box:checkKotlinGradlePluginConfigurationErrors SKIPPED
> Task :expo-log-box:copyReleaseJniLibsProjectOnly
> Task :expo:extractProguardFiles
> Task :expo:prepareLintJarForPublish UP-TO-DATE
> Task :expo:stripReleaseDebugSymbols NO-SOURCE
> Task :expo-log-box:generateReleaseBuildConfig
> Task :expo:copyReleaseJniLibsProjectAndLocalJars
> Task :expo:extractDeepLinksForAarRelease UP-TO-DATE
> Task :expo-log-box:generateReleaseResValues
> Task :expo:writeReleaseLintModelMetadata
> Task :expo-log-box:generateReleaseResources
> Task :expo-log-box:packageReleaseResources
> Task :expo-log-box:parseReleaseLocalResources
> Task :expo-log-box:javaPreCompileRelease
> Task :expo-log-box:writeReleaseAarMetadata
> Task :expo-log-box:extractDeepLinksRelease
> Task :expo-log-box:generateReleaseRFile
> Task :expo-log-box:compileReleaseLibraryResources
> Task :expo-log-box:prepareReleaseArtProfile UP-TO-DATE
> Task :expo-log-box:processReleaseManifest
> Task :expo-log-box:mergeReleaseShaders
> Task :expo-log-box:compileReleaseShaders NO-SOURCE
> Task :expo-log-box:generateReleaseAssets UP-TO-DATE
> Task :expo-log-box:mergeReleaseAssets
> Task :expo-log-box:extractProguardFiles
> Task :expo-log-box:prepareLintJarForPublish UP-TO-DATE
> Task :expo-log-box:stripReleaseDebugSymbols NO-SOURCE
> Task :expo-log-box:copyReleaseJniLibsProjectAndLocalJars
> Task :expo-log-box:extractDeepLinksForAarRelease UP-TO-DATE
> Task :expo-log-box:writeReleaseLintModelMetadata
> Task :expo-constants:verifyReleaseResources
> Task :expo-modules-core:clean
> Task :expo-modules-core:preBuild UP-TO-DATE
> Task :expo-modules-core:preReleaseBuild UP-TO-DATE
> Task :expo-modules-core:mergeReleaseJniLibFolders
> Task :expo-modules-core:mergeReleaseNativeLibs NO-SOURCE
> Task :expo-modules-core:checkKotlinGradlePluginConfigurationErrors SKIPPED
> Task :expo-modules-core:copyReleaseJniLibsProjectOnly
> Task :expo-modules-core:generateReleaseBuildConfig
> Task :expo-modules-core:generateReleaseResValues
> Task :expo-modules-core:generateReleaseResources
> Task :expo-modules-core:packageReleaseResources
> Task :expo-modules-core:parseReleaseLocalResources
> Task :expo-modules-core:javaPreCompileRelease
> Task :expo-modules-core:generateReleaseRFile
> Task :expo-modules-core:writeReleaseAarMetadata
> Task :expo-log-box:mapReleaseSourceSetPaths
> Task :expo:mapReleaseSourceSetPaths
> Task :expo-modules-core:extractDeepLinksRelease
> Task :expo-modules-core:prepareReleaseArtProfile UP-TO-DATE
> Task :expo-modules-core:compileReleaseLibraryResources
> Task :expo-modules-core:mergeReleaseShaders
> Task :expo-modules-core:compileReleaseShaders NO-SOURCE
> Task :expo-modules-core:generateReleaseAssets UP-TO-DATE
> Task :expo-modules-core:mergeReleaseAssets

> Task :expo-modules-core:processReleaseManifest
C:\Users\adasg\Music\interview-coder-withoupaywall-opensource\mobile\node_modules\expo-modules-core\android\src\main\AndroidManifest.xml:8:9-11:45 Warning:
	meta-data#com.facebook.soloader.enabled@android:value was tagged at AndroidManifest.xml:8 to replace other declarations but no other declaration present

> Task :expo-modules-core:extractProguardFiles
> Task :expo-modules-core:prepareLintJarForPublish UP-TO-DATE
> Task :expo-modules-core:stripReleaseDebugSymbols NO-SOURCE
> Task :expo-modules-core:copyReleaseJniLibsProjectAndLocalJars
> Task :expo-modules-core:extractDeepLinksForAarRelease UP-TO-DATE
> Task :expo-modules-core:writeReleaseLintModelMetadata
> Task :expo-modules-core:mapReleaseSourceSetPaths
> Task :expo-modules-core:mergeReleaseResources
> Task :expo-log-box:mergeReleaseResources
> Task :expo:mergeReleaseResources
> Task :app:createBundleReleaseJsAndAssets
Starting Metro Bundler

warning: Bundler cache is empty, rebuilding (this may take a minute)
Android .\index.ts ░░░░░░░░░░░░░░░░  0.0% (0/1)

> Task :expo-modules-core:verifyReleaseResources
> Task :expo-modules-core:compileReleaseKotlin
> Task :expo-log-box:verifyReleaseResources

> Task :app:createBundleReleaseJsAndAssets
Android .\index.ts ░░░░░░░░░░░░░░░░  1.0% (1/1)

> Task :expo:verifyReleaseResources

> Task :app:createBundleReleaseJsAndAssets
Android .\index.ts ▓▓░░░░░░░░░░░░░░ 15.3% ( 95/243)
Android .\index.ts ▓▓▓▓▓▓▓▓▓▓▓▓░░░░ 80.7% (424/472)
Android Bundled 26349ms index.ts (586 modules)
Android .\index.ts ▓▓▓▓▓▓▓▓▓▓▓▓▓▓▓░ 99.9% (586/586)
Writing bundle output to: android\app\build\generated\assets\react\release\index.android.bundle
Writing sourcemap output to: android\app\build\intermediates\sourcemaps\react\release\index.android.bundle.packager.map
Done writing bundle output
Done writing sourcemap output

> Task :app:preBuild
> Task :app:preReleaseBuild
> Task :app:mergeReleaseJniLibFolders
> Task :app:mergeReleaseNativeLibs
> Task :app:checkReleaseDuplicateClasses
> Task :app:generateReleaseBuildConfig
> Task :app:checkReleaseAarMetadata
> Task :app:generateReleaseResValues

> Task :expo-modules-core:compileReleaseKotlin
w: file:///C:/Users/adasg/Music/interview-coder-withoupaywall-opensource/mobile/node_modules/expo-modules-core/android/src/main/java/expo/modules/apploader/AppLoaderProvider.kt:34:52 Unchecked cast of 'Class<*>!' to 'Class<out HeadlessAppLoader>'.
w: file:///C:/Users/adasg/Music/interview-coder-withoupaywall-opensource/mobile/node_modules/expo-modules-core/android/src/main/java/expo/modules/kotlin/AppContext.kt:13:8 'class UIManagerModule : ReactContextBaseJavaModule, OnBatchCompleteListener, LifecycleEventListener, UIManager' is deprecated. Deprecated in Java.
w: file:///C:/Users/adasg/Music/interview-coder-withoupaywall-opensource/mobile/node_modules/expo-modules-core/android/src/main/java/expo/modules/kotlin/AppContext.kt:21:8 'typealias ErrorManagerModule = JSLoggerModule' is deprecated. Use JSLoggerModule instead.
w: file:///C:/Users/adasg/Music/interview-coder-withoupaywall-opensource/mobile/node_modules/expo-modules-core/android/src/main/java/expo/modules/kotlin/AppContext.kt:59:13 'val hostingRuntimeContext: MainRuntime' is deprecated. Use AppContext.runtimeContext instead.
w: file:///C:/Users/adasg/Music/interview-coder-withoupaywall-opensource/mobile/node_modules/expo-modules-core/android/src/main/java/expo/modules/kotlin/AppContext.kt:257:21 'typealias ErrorManagerModule = JSLoggerModule' is deprecated. Use JSLoggerModule instead.
w: file:///C:/Users/adasg/Music/interview-coder-withoupaywall-opensource/mobile/node_modules/expo-modules-core/android/src/main/java/expo/modules/kotlin/AppContext.kt:366:21 'val DEFAULT: Int' is deprecated. UIManagerType.DEFAULT will be deleted in the next release of React Native. Use [LEGACY] instead.
w: file:///C:/Users/adasg/Music/interview-coder-withoupaywall-opensource/mobile/node_modules/expo-modules-core/android/src/main/java/expo/modules/kotlin/AppContext.kt:367:10 'class UIManagerModule : ReactContextBaseJavaModule, OnBatchCompleteListener, LifecycleEventListener, UIManager' is deprecated. Deprecated in Java.
w: file:///C:/Users/adasg/Music/interview-coder-withoupaywall-opensource/mobile/node_modules/expo-modules-core/android/src/main/java/expo/modules/kotlin/defaultmodules/NativeModulesProxyModule.kt:16:5 'fun Constants(legacyConstantsProvider: () -> Map<String, Any?>): Unit' is deprecated. Use `Constant` or `Property` instead.
w: file:///C:/Users/adasg/Music/interview-coder-withoupaywall-opensource/mobile/node_modules/expo-modules-core/android/src/main/java/expo/modules/kotlin/views/ViewDefinitionBuilder.kt:464:16 'val errorManager: JSLoggerModule?' is deprecated. Use AppContext.jsLogger instead.
w: file:///C:/Users/adasg/Music/interview-coder-withoupaywall-opensource/mobile/node_modules/expo-modules-core/android/src/main/java/expo/modules/kotlin/views/ViewDefinitionBuilder.kt:464:30 'fun reportExceptionToLogBox(codedException: CodedException): Unit' is deprecated. Use appContext.jsLogger.error(...) instead.
w: file:///C:/Users/adasg/Music/interview-coder-withoupaywall-opensource/mobile/node_modules/expo-modules-core/android/src/main/java/expo/modules/kotlin/views/ViewManagerDefinition.kt:41:16 'val errorManager: JSLoggerModule?' is deprecated. Use AppContext.jsLogger instead.
w: file:///C:/Users/adasg/Music/interview-coder-withoupaywall-opensource/mobile/node_modules/expo-modules-core/android/src/main/java/expo/modules/kotlin/views/ViewManagerDefinition.kt:41:30 'fun reportExceptionToLogBox(codedException: CodedException): Unit' is deprecated. Use appContext.jsLogger.error(...) instead.

> Task :app:stripReleaseDebugSymbols
> Task :app:mapReleaseSourceSetPaths
> Task :app:generateReleaseResources
> Task :app:extractReleaseNativeSymbolTables
> Task :app:mergeReleaseNativeDebugMetadata NO-SOURCE
> Task :app:packageReleaseResources
> Task :app:createReleaseCompatibleScreenManifests
> Task :app:extractDeepLinksRelease
> Task :app:parseReleaseLocalResources

> Task :app:processReleaseMainManifest
C:\Users\adasg\Music\interview-coder-withoupaywall-opensource\mobile\android\app\src\main\AndroidManifest.xml Warning:
	provider#expo.modules.filesystem.FileSystemFileProvider@android:authorities was tagged at AndroidManifest.xml:0 to replace other declarations but no other declaration present

> Task :app:expoReleaseOverrideMaxSdkConflicts
[33m---------- Expo Max Sdk Override Plugin ----------[0m
[32m>>> No 'android:maxSdkVersion' conflicts found[0m
[33m--------------------------------------------------[0m

> Task :app:processReleaseManifest
> Task :app:javaPreCompileRelease
> Task :app:desugarReleaseFileDependencies
> Task :app:mergeReleaseStartupProfile UP-TO-DATE

> Task :expo-modules-core:compileReleaseJavaWithJavac

> Task :app:mergeReleaseArtProfile
> Task :expo-modules-core:processReleaseJavaRes
> Task :expo-modules-core:bundleLibRuntimeToJarRelease
> Task :expo-modules-core:bundleLibCompileToJarRelease
> Task :expo-modules-core:generateReleaseLintModel
> Task :expo-modules-core:createFullJarRelease
> Task :app:mergeReleaseResources
> Task :app:mergeReleaseShaders
> Task :app:compileReleaseShaders NO-SOURCE
> Task :app:generateReleaseAssets UP-TO-DATE
> Task :expo-modules-core:extractReleaseAnnotations
> Task :expo-modules-core:mergeReleaseGeneratedProguardFiles UP-TO-DATE
> Task :app:mergeReleaseAssets
> Task :expo-modules-core:mergeReleaseConsumerProguardFiles
> Task :app:extractReleaseVersionControlInfo
> Task :app:extractProguardFiles
> Task :app:compressReleaseAssets
> Task :expo-modules-core:generateReleaseLintVitalModel
> Task :expo-modules-core:mergeReleaseJavaResource

> Task :expo-constants:compileReleaseKotlin
w: file:///C:/Users/adasg/Music/interview-coder-withoupaywall-opensource/mobile/node_modules/expo/node_modules/expo-constants/android/src/main/java/expo/modules/constants/ConstantsModule.kt:13:5 'fun Constants(legacyConstantsProvider: () -> Map<String, Any?>): Unit' is deprecated. Use `Constant` or `Property` instead.

> Task :app:collectReleaseDependencies
> Task :expo-modules-core:syncReleaseLibJars
> Task :app:sdkReleaseDependencyData
> Task :app:validateSigningRelease
> Task :app:writeReleaseAppMetadata
> Task :app:writeReleaseSigningConfigVersions
> Task :app:processReleaseManifestForPackage
> Task :expo-modules-core:bundleReleaseLocalLintAar
> Task :expo-modules-core:bundleReleaseAar
> Task :expo-modules-core:assembleRelease
> Task :expo-log-box:compileReleaseKotlin
> Task :expo-log-box:compileReleaseJavaWithJavac
> Task :expo-log-box:bundleLibCompileToJarRelease
> Task :expo-log-box:bundleLibRuntimeToDirRelease
> Task :expo-log-box:bundleLibRuntimeToJarRelease
> Task :expo-log-box:processReleaseJavaRes
> Task :expo-log-box:createFullJarRelease
> Task :expo-constants:compileReleaseJavaWithJavac
> Task :expo-constants:processReleaseJavaRes
> Task :expo-constants:generateReleaseLintModel
> Task :expo-constants:extractReleaseAnnotations
> Task :expo-constants:mergeReleaseGeneratedProguardFiles UP-TO-DATE
> Task :expo-constants:mergeReleaseConsumerProguardFiles UP-TO-DATE
> Task :expo-constants:mergeReleaseJavaResource
> Task :expo-constants:syncReleaseLibJars
> Task :expo-constants:bundleReleaseLocalLintAar
> Task :app:mergeExtDexRelease
> Task :expo-constants:generateReleaseLintVitalModel
> Task :expo-constants:bundleReleaseAar
> Task :expo-constants:assembleRelease
> Task :expo-constants:bundleLibRuntimeToDirRelease
> Task :expo-constants:bundleLibRuntimeToJarRelease
> Task :expo-constants:createFullJarRelease
> Task :expo-log-box:generateReleaseLintModel
> Task :expo-log-box:extractReleaseAnnotations
> Task :expo-log-box:mergeReleaseGeneratedProguardFiles UP-TO-DATE
> Task :expo-log-box:mergeReleaseConsumerProguardFiles UP-TO-DATE
> Task :expo-modules-core:bundleLibRuntimeToDirRelease
> Task :expo-log-box:mergeReleaseJavaResource
> Task :expo-log-box:generateReleaseLintVitalModel
> Task :expo-constants:bundleLibCompileToJarRelease
> Task :expo-log-box:syncReleaseLibJars
> Task :expo-log-box:bundleReleaseLocalLintAar
> Task :expo-log-box:bundleReleaseAar
> Task :expo-log-box:assembleRelease
> Task :expo-constants:lintVitalAnalyzeRelease
> Task :app:processReleaseResources
> Task :app:optimizeReleaseResources

> Task :expo:compileReleaseKotlin
w: file:///C:/Users/adasg/Music/interview-coder-withoupaywall-opensource/mobile/node_modules/expo/android/src/main/java/expo/modules/ExpoModulesPackage.kt:34:16 This declaration overrides a deprecated member but is not marked as deprecated itself. Add the '@Deprecated' annotation or suppress the diagnostic.
w: file:///C:/Users/adasg/Music/interview-coder-withoupaywall-opensource/mobile/node_modules/expo/android/src/main/java/expo/modules/ReactActivityDelegateWrapper.kt:22:8 'class ReactInstanceManager : Any' is deprecated. Deprecated in Java.
w: file:///C:/Users/adasg/Music/interview-coder-withoupaywall-opensource/mobile/node_modules/expo/android/src/main/java/expo/modules/ReactActivityDelegateWrapper.kt:102:16 This declaration overrides a deprecated member but is not marked as deprecated itself. Add the '@Deprecated' annotation or suppress the diagnostic.
w: file:///C:/Users/adasg/Music/interview-coder-withoupaywall-opensource/mobile/node_modules/expo/android/src/main/java/expo/modules/ReactActivityDelegateWrapper.kt:102:43 'class ReactInstanceManager : Any' is deprecated. Deprecated in Java.
w: file:///C:/Users/adasg/Music/interview-coder-withoupaywall-opensource/mobile/node_modules/expo/android/src/main/java/expo/modules/ReactActivityDelegateWrapper.kt:103:21 'val reactInstanceManager: ReactInstanceManager' is deprecated. Deprecated in Java.
w: file:///C:/Users/adasg/Music/interview-coder-withoupaywall-opensource/mobile/node_modules/expo/android/src/main/java/expo/modules/fetch/ExpoFetchModule.kt:31:39 'constructor(reactContext: ReactContext): ForwardingCookieHandler' is deprecated. Use the default constructor.
w: file:///C:/Users/adasg/Music/interview-coder-withoupaywall-opensource/mobile/node_modules/expo/android/src/main/java/expo/modules/fetch/NativeResponse.kt:42:16 This declaration overrides a deprecated member but is not marked as deprecated itself. Add the '@Deprecated' annotation or suppress the diagnostic.
w: file:///C:/Users/adasg/Music/interview-coder-withoupaywall-opensource/mobile/node_modules/expo/android/src/main/java/expo/modules/fetch/NativeResponse.kt:44:11 'fun deallocate(): Unit' is deprecated. Use sharedObjectDidRelease() instead.

> Task :expo-log-box:lintVitalAnalyzeRelease
> Task :expo:compileReleaseJavaWithJavac
> Task :expo:processReleaseJavaRes
> Task :expo:bundleLibRuntimeToJarRelease
> Task :expo:bundleLibCompileToJarRelease
> Task :expo:generateReleaseLintModel
> Task :expo:createFullJarRelease
> Task :expo:extractReleaseAnnotations
> Task :expo:mergeReleaseGeneratedProguardFiles UP-TO-DATE
> Task :expo:mergeReleaseConsumerProguardFiles
> Task :expo:mergeReleaseJavaResource
> Task :expo:bundleLibRuntimeToDirRelease
> Task :expo:syncReleaseLibJars
> Task :expo:bundleReleaseLocalLintAar
> Task :expo:generateReleaseLintVitalModel
> Task :expo:bundleReleaseAar
> Task :expo:assembleRelease
> Task :expo-modules-core:lintVitalAnalyzeRelease

> Task :app:compileReleaseKotlin
w: file:///C:/Users/adasg/Music/interview-coder-withoupaywall-opensource/mobile/android/app/src/main/java/com/adarshgpt/sylicaaimobile/relay/SylicaAndroidBridgePackage.kt:9:16 This declaration overrides a deprecated member but is not marked as deprecated itself. Add the '@Deprecated' annotation or suppress the diagnostic.

> Task :app:compileReleaseJavaWithJavac
> Task :app:dexBuilderRelease
> Task :app:mergeReleaseGlobalSynthetics
> Task :expo:lintVitalAnalyzeRelease
> Task :app:generateReleaseLintVitalReportModel
> Task :app:processReleaseJavaRes
> Task :app:mergeDexRelease
> Task :app:compileReleaseArtProfile
> Task :app:mergeReleaseJavaResource
> Task :app:lintVitalAnalyzeRelease
> Task :app:lintVitalReportRelease
> Task :app:lintVitalRelease
> Task :app:packageRelease
> Task :app:createReleaseApkListingFileRedirect
> Task :app:assembleRelease

[Incubating] Problems report is available at: file:///C:/Users/adasg/Music/interview-coder-withoupaywall-opensource/mobile/android/build/reports/problems/problems-report.html

Deprecated Gradle features were used in this build, making it incompatible with Gradle 10.

You can use '--warning-mode all' to show the individual deprecation warnings and determine if they come from your own scripts or plugins.

For more on this, please refer to https://docs.gradle.org/9.0.0/userguide/command_line_interface.html#sec:command_line_warnings in the Gradle documentation.

BUILD SUCCESSFUL in 3m 6s
254 actionable tasks: 207 executed, 47 up-to-date
